// Jest Snapshot v1, https://goo.gl/fbAQLP

exports[`snapshot 1`] = `
<DocumentFragment>
  .emotion-0 {
  height: -webkit-fit-content;
  height: -moz-fit-content;
  height: fit-content;
  background: #ffe5d6;
  padding: 0 2px;
  margin-right: 5px;
  color: #212121;
  cursor: pointer;
}

<span
    class="emotion-0 emotion-1"
  >
    #node
  </span>
</DocumentFragment>
`;
