// Jest Snapshot v1, https://goo.gl/fbAQLP

exports[`renders 1`] = `
<DocumentFragment>
  <span
    class="css-1f19l54-Tag ex7fybt0"
  >
    #node
  </span>
</DocumentFragment>
`;

exports[`snapshot 1`] = `
<DocumentFragment>
  <span
    class="css-1f19l54-Tag ex7fybt0"
  >
    #node
  </span>
</DocumentFragment>
`;
