// Jest Snapshot v1, https://goo.gl/fbAQLP

exports[`renders 1`] = `
<DocumentFragment>
  <button
    class="css-4nja9j-Button e1b4d4yp0"
    data-testid="button"
  >
    Title
  </button>
</DocumentFragment>
`;

exports[`snapshot 1`] = `
<DocumentFragment>
  <button
    class="css-4nja9j-Button e1b4d4yp0"
    data-testid="button"
  >
    Title
  </button>
</DocumentFragment>
`;
