// Jest Snapshot v1, https://goo.gl/fbAQLP

exports[`renders 1`] = `
<DocumentFragment>
  <textarea
    class="css-qpvf45-TextArea egmejh80"
    data-testid="textarea"
    type="text"
  />
</DocumentFragment>
`;

exports[`snapshot 1`] = `
<DocumentFragment>
  <textarea
    class="css-qpvf45-TextArea egmejh80"
    data-testid="textarea"
    type="text"
  />
</DocumentFragment>
`;
