// Jest Snapshot v1, https://goo.gl/fbAQLP

exports[`snapshot 1`] = `
<DocumentFragment>
  .emotion-0 {
  min-height: 120px;
  font-family: 'Ubuntu',sans-serif;
  outline: none;
  padding: 10px 15px;
  border: 1px solid #bdbdbd;
  border-radius: 18px;
  min-width: 200px;
  box-sizing: border-box;
  width: 100%;
  font-size: 12px;
}

<textarea
    class="emotion-0 emotion-1"
    data-testid="textarea"
    type="text"
  />
</DocumentFragment>
`;
